Símbolo         Valor Decimal   Valor Hexadecimal
-------         -------------   -----------------
_KERNEL                     0                   0
_VETTAB                   256                 100
_RESET                    512                 200
_APP                    32768                8000
_IOAREA16               65408                FF80
_IOAREA08               65472                FFC0
IVET                    65470                FFBE
TIMDT                   65495                FFD7
INTS                    65496                FFD8
INTE                    65497                FFD9
TECST                   65498                FFDA
TECDT                   65499                FFDB
VISOR                   65500                FFDC
TICK_CNT                   10                   A
CLOCK_SEC                  12                   C
CLOCK_MIN                  14                   E
CLOCK_HOR                  16                  10
ALARM_SEC                  18                  12
ALARM_MIN                  20                  14
ALARM_HOR                  22                  16
INTERRUPT                 129                  81
GETCHAR_ACTIVED            24                  18
GETCHAR_BUFFER             26                  1A
GETCHAR_BUFFER_STATUS       28                  1C
ALARM_STATUS               30                  1E
CALLBACK_ROUTINE           32                  20
DISPLAY_CURSOR             34                  22
_KBHIT                    610                 262
FOUND_KBHIT               622                 26E
_GETCHAR                  623                 26F
CHAR_NOT_FOUND            629                 275
GET_DATA                  653                 28D
_PUTCHAR                  678                 2A6
CARRIAGE_RTN              724                 2D4
LINE_FEED                 738                 2E2
BACKSPACE                 752                 2F0
ERROR_PUTCH               772                 304
END_PUTCH                 776                 308
_PUTMSG                   777                 309
LOOP_PUTMSG               793                 319
END_PUTMSG                813                 32D
_GETCLOCK                 816                 330
_SETCLOCK                 829                 33D
SEC_NOT_ERROR             847                 34F
MIN_NOT_ERROR             861                 35D
HOR_NOT_ERROR             875                 36B
END                       893                 37D
_SETALARM                 900                 384
SEC_NOT_ERROR_A           916                 394
MIN_NOT_ERROR_A           930                 3A2
HOR_NOT_ERROR_A           944                 3B0
END_ALARM                 966                 3C6
ISR                       967                 3C7
ISREND                   1007                 3EF
ISRTIM                   1026                 402
INC_CLOCK                1039                 40F
END_INC_TIMER            1103                 44F
ALARM_VERIFY             1104                 450
END_ALARM_VERIFY         1148                 47C
BLINK_GETCHAR            1149                 47D
PUT_UNDERLINE            1181                 49D
END_BLINK                1195                 4AB
CLEAR_DISPLAY            1196                 4AC
CLEAR_DISPLAY_A          1202                 4B2
