Símbolo         Valor Decimal   Valor Hexadecimal
-------         -------------   -----------------
_KERNEL                     0                   0
_VETTAB                   256                 100
_RESET                    512                 200
_APP                    32768                8000
_IOAREA16               65408                FF80
_IOAREA08               65472                FFC0
IVET                    65470                FFBE
TIMDT                   65495                FFD7
INTS                    65496                FFD8
INTE                    65497                FFD9
TECST                   65498                FFDA
TECDT                   65499                FFDB
VISOR                   65500                FFDC
TICK_CNT                   10                   A
CLOCK_SEC                  12                   C
CLOCK_MIN                  14                   E
CLOCK_HOR                  16                  10
ALARM_SEC                  18                  12
ALARM_MIN                  20                  14
ALARM_HOR                  22                  16
INTERRUPT                 129                  81
GETCHAR_ACTIVED            24                  18
GETCHAR_BUFFER             26                  1A
GETCHAR_BUFFER_STATUS       28                  1C
ALARM_STATUS               30                  1E
CALLBACK_ROUTINE           32                  20
ALARM_ACTIVED              34                  22
DISPLAY_CURSOR             36                  24
_KBHIT                    610                 262
NOT_FOUND                 622                 26E
_GETCHAR                  623                 26F
CHAR_NOT_FOUND            629                 275
GET_DATA                  653                 28D
_PUTCHAR                  678                 2A6
VALID_PUTCHAR             694                 2B6
SYMBOL                    722                 2D2
A_PUTCHAR                 736                 2E0
B_PUTCHAR                 750                 2EE
ERROR_PUTCH               764                 2FC
END_PUTCH                 768                 300
_PUTMSG                   769                 301
_GETCLOCK                 770                 302
_SETCLOCK                 783                 30F
SEC_NOT_ERROR             801                 321
MIN_NOT_ERROR             819                 333
HOR_NOT_ERROR             837                 345
END                       843                 34B
_SETALARM                 850                 352
SEC_NOT_ERROR_A           870                 366
MIN_NOT_ERROR_A           888                 378
HOR_NOT_ERROR_A           906                 38A
END_ALARM                 920                 398
ISR                       927                 39F
ISREND                    965                 3C5
ISRTIM                    984                 3D8
INC_CLOCK                 997                 3E5
END_INC_TIMER            1061                 425
ALARM_VERIFY             1062                 426
END_ALARM_VERIFY         1092                 444
CLEAR_DISPLAY            1093                 445
CLEAR_DISPLAY_A          1099                 44B
BLINK_GETCHAR            1108                 454
PUT_UNDERLINE            1138                 472
END_BLINK                1154                 482
_DISPLAY_CLOCK           1155                 483
DISPLAY_CLOCK_LOOP1      1179                 49B
DISPLAY_CLOCK_LOOP2      1229                 4CD
DISPLAY_CLOCK_LOOP3      1279                 4FF
