Símbolo         Valor Decimal   Valor Hexadecimal
-------         -------------   -----------------
_KERNEL                     0                   0
_VETTAB                   256                 100
_RESET                    512                 200
_APP                    32768                8000
_IOAREA16               65408                FF80
_IOAREA08               65472                FFC0
IVET                    65470                FFBE
TIMDT                   65495                FFD7
INTS                    65496                FFD8
INTE                    65497                FFD9
TECST                   65498                FFDA
TECDT                   65499                FFDB
VISOR                   65500                FFDC
TICK_CNT                   10                   A
CLOCK_SEC                  12                   C
CLOCK_MIN                  14                   E
CLOCK_HOR                  16                  10
ALARM_SEC                  18                  12
ALARM_MIN                  20                  14
ALARM_HOR                  22                  16
INTERRUPT                 129                  81
GETCHAR_ACTIVED            24                  18
GETCHAR_BUFFER             26                  1A
GETCHAR_BUFFER_STATUS       28                  1C
ALARM_STATUS               30                  1E
CALLBACK_ROUTINE           32                  20
DISPLAY_CURSOR             34                  22
_KBHIT                    610                 262
FOUND_KBHIT               622                 26E
_GETCHAR                  623                 26F
CHAR_NOT_FOUND            629                 275
GET_DATA                  653                 28D
_PUTCHAR                  678                 2A6
CARRIAGE_RTN              724                 2D4
LINE_FEED                 738                 2E2
BACKSPACE                 752                 2F0
ERROR_PUTCH               772                 304
END_PUTCH                 776                 308
_PUTMSG                   777                 309
LOOP_PUTMSG               793                 319
END_PUTMSG                817                 331
_GETCLOCK                 820                 334
_SETCLOCK                 833                 341
SEC_NOT_ERROR             851                 353
MIN_NOT_ERROR             865                 361
HOR_NOT_ERROR             879                 36F
END                       897                 381
_SETALARM                 904                 388
SEC_NOT_ERROR_A           920                 398
MIN_NOT_ERROR_A           934                 3A6
HOR_NOT_ERROR_A           948                 3B4
END_ALARM                 970                 3CA
ISR                       971                 3CB
ISREND                   1011                 3F3
ISRTIM                   1030                 406
INC_CLOCK                1043                 413
END_INC_TIMER            1107                 453
ALARM_VERIFY             1108                 454
END_ALARM_VERIFY         1152                 480
BLINK_GETCHAR            1153                 481
PUT_UNDERLINE            1185                 4A1
END_BLINK                1199                 4AF
_DISPLAY_CLOCK           1200                 4B0
DISPLAY_CLOCK_LOOP1      1220                 4C4
DISPLAY_CLOCK_LOOP2      1270                 4F6
DISPLAY_CLOCK_LOOP3      1320                 528
_DISPLAY_ALARM           1365                 555
DISPLAY_ALARM_LOOP1      1385                 569
DISPLAY_ALARM_LOOP2      1435                 59B
DISPLAY_ALARM_LOOP3      1485                 5CD
CLEAR_DISPLAY            1530                 5FA
CLEAR_DISPLAY_A          1536                 600
LOOP                    32784                8010
STRING                  32827                803B
