Símbolo         Valor Decimal   Valor Hexadecimal
-------         -------------   -----------------
_KERNEL                     0                   0
_VETTAB                   256                 100
_RESET                    512                 200
_APP                    32768                8000
_IOAREA16               65408                FF80
_IOAREA08               65472                FFC0
IVET                    65470                FFBE
TIMDT                   65495                FFD7
INTS                    65496                FFD8
INTE                    65497                FFD9
TECST                   65498                FFDA
TECDT                   65499                FFDB
VISOR                   65500                FFDC
_KBHIT                    614                 266
NOT_FOUND                 626                 272
_GETCHAR                  627                 273
CHAR_NOT_FOUND            633                 279
_PUTCHAR                  644                 284
VALID_PUTCHAR             660                 294
SYMBOL                    690                 2B2
A_PUTCHAR                 704                 2C0
B_PUTCHAR                 718                 2CE
ERROR_PUTCH               732                 2DC
END_PUTCH                 736                 2E0
_PUTMSG                   737                 2E1
_GETCLOCK                 738                 2E2
_SETCLOCK                 751                 2EF
SEC_NOT_ERROR             769                 301
MIN_NOT_ERROR             787                 313
HOR_NOT_ERROR             805                 325
END                       811                 32B
_SETALARM                 818                 332
SEC_NOT_ERROR_A           838                 346
MIN_NOT_ERROR_A           856                 358
HOR_NOT_ERROR_A           874                 36A
END_ALARM                 888                 378
_DISPLAY_CLOCK            895                 37F
DISPLAY_CLOCK_LOOP1       919                 397
DISPLAY_CLOCK_LOOP2       969                 3C9
DISPLAY_CLOCK_LOOP3      1019                 3FB
CLEAR_DISPLAY            1070                 42E
CLEAR_DISPLAY_A          1076                 434
ISR                      1085                 43D
ISR2                     1123                 463
ISREND                   1141                 475
ISRTIM                   1160                 488
ISRTIM2                  1180                 49C
GETCH_UNDERLINE          1222                 4C6
ALARM_VERIFY             1232                 4D0
END_TIMER                1275                 4FB
ISRTEC                   1276                 4FC
FIMISRTEC                1302                 516
__INC_TIMER              1303                 517
END_INC_TIMER            1351                 547
GETCHAR_WAITING            16                  10
GETCHAR_BUFFER             18                  12
CLOCK_INC                  20                  14
CLOCK_HOR                  22                  16
CLOCK_MIN                  24                  18
CLOCK_SEC                  26                  1A
DISPLAY_CURSOR             28                  1C
ALARM_HOR                  30                  1E
ALARM_MIN                  32                  20
ALARM_SEC                  34                  22
CALLBACK_ROUTINE           36                  24
GETCHAR_BUFFER_FILL        38                  26
TEC_BUFFER                 40                  28
INTERRUPT                 131                  83
ALARM_ACTIVE               42                  2A
LOP                     32803                8023
